// Jest Snapshot v1, https://goo.gl/fbAQLP

exports[`DateScalar parseLiteral parse literal 1`] = `1970-01-19T00:55:57.861Z`;

exports[`DateScalar parseValue parse value 1`] = `1970-01-19T00:55:57.861Z`;

exports[`DateScalar serialize convert to timestamp 1`] = `1558557861`;
