// Jest Snapshot v1, https://goo.gl/fbAQLP

exports[`SessionsService signIn user found: user sign in 1`] = `
Object {
  "jwtToken": "myJwtToken",
  "user": Object {
    "_id": "username",
    "encryption": Object {
      "authTag": Object {
        "data": Array [
          97,
          117,
          116,
          104,
          84,
          97,
          103,
        ],
        "type": "Buffer",
      },
      "content": Object {
        "data": Array [
          99,
          111,
          110,
          116,
          101,
          110,
          116,
        ],
        "type": "Buffer",
      },
      "iv": Object {
        "data": Array [
          105,
          118,
        ],
        "type": "Buffer",
      },
      "salt": Object {
        "data": Array [
          115,
          97,
          108,
          116,
        ],
        "type": "Buffer",
      },
    },
    "password": "password",
  },
}
`;

exports[`SessionsService signIn user not found 1`] = `
Object {
  "error": "Unauthorized",
  "message": "error.user.404.userNotFound",
  "statusCode": 401,
}
`;

exports[`SessionsService signIn wrong password 1`] = `"wrong password"`;

exports[`SessionsService validateUser success: user validation 1`] = `Promise {}`;
